
Testing sanity. If this message does not appear, something broke.
This should fail

Testing write functions (no asmlib I/O)
WRITE_EOL: 

WRITE_0x: 0x
WRITE_DEC 9:    9
WRITE_DEC 0:    0
WRITE_DEC 1:    1
WRITE_DEC 72:   72
WRITE_DEC 938:  938
WRITE_DEC 2547: 2547
WRITE_DEC -1:   -1
WRITE_DEC -90:  -90
WRITE_HEX_8 0x0:        00  <>
WRITE_HEX_8 0x1:        01
WRITE_HEX_8 0x123098:   98
WRITE_HEX_8 -0x1:       FF
WRITE_HEX_16 0x0:       0000  <>
WRITE_HEX_16 0x1:       0001  <>
WRITE_HEX_16 0x123098:  3098  <>
WRITE_HEX_16 -0x1:      FFFF  <>
WRITE_HEX_32 0x0:       00000000  <>
WRITE_HEX_32 0x1:       00000001  <>
WRITE_HEX_32 0x123098:  00123098  <>
WRITE_HEX_32 -0x1:      FFFFFFFF  <>
WRITE_HEX_64 0x0:       0000000000000000  <>
WRITE_HEX_64 0x1:       0000000000000001  <>
WRITE_HEX_64 0x123098:  0000000000123098  <>
WRITE_HEX_64 -0x1:      00000000FFFFFFFF  <>

String test 01:
writeAsciiStr:  Hello, World! <>
writeAsciiStrz: Hello, World!

String test 02:
writeAsciiStr:  foo <>
writeAsciiStrz: foo

String test 03:
writeAsciiStr:   <>
writeAsciiStrz: 

testing contract for syscall write

stack offset: -1073743157 16 Hello, World!
stack offset: -1073743158 15 Hello, World!
stack offset: -1073743159 14 Hello, World!
stack offset: -1073743160 13 Hello, World!
stack offset: -1073743161 12 Hello, World!
stack offset: -1073743162 11 Hello, World!
stack offset: -1073743163 10 Hello, World!
stack offset: -1073743164 9 Hello, World!
stack offset: -1073743165 8 Hello, World!
stack offset: -1073743166 7 Hello, World!
stack offset: -1073743167 6 Hello, World!
stack offset: -1073743168 5 Hello, World!
stack offset: -1073743169 4 Hello, World!
stack offset: -1073743170 3 Hello, World!
stack offset: -1073743171 2 Hello, World!
stack offset: -1073743172 1 Hello, World!
done

Test setIO / flushIO
bufferA: 0x001230
overflow bufferA: 0x001230
overflow bufferB: 98 Hello, Worl
overflow bufferC: d! 1192088
empty bufferA: 
bufferB: 0x00123098 Hel
bufferC: 0x00123098 Hello, World! 1192088

lcgRand32:
01 00003039 53DC167E 270427DF 56651C2C 0DAA96F5 421F1C8A 3EAD62FB 
09 4D1DCF18 2F5AAD71 20DA7756 2FE533D7 69ACC4C4 161BAFAD 261EB2E2 
11 525F3673 65136930 7E7099A9 66791B2E 3B6CC6CF 44FDE85C 50102765 
19 1FFFBC3A 5A1900EB 5BAF2E48 7D60D4E1 2A1D6206 3904C0C7 5AACE6F4 
21 5EB4DE1D 161D9892 0202A263 642B7E60 05463F19 4C78ABDE 1F7301BF 
29 473A208C 41F2B3D5 32DFA7EA 175FFADB 52AEB978 5BB7B851 270858B6 
31 7C5969B7 6AD1F524 31EE888D 5A394A42 1010EA53 4DCB3F90 46482089 
39 5995C88E 73B5D8AF 32CCC4BC 6A893C45 4F29DF9A 021150CB 2FFF70A8 
41 0E0657C1 47B65B66 2F622EA7 132EEF54 66DFAEFD 093CC7F2 0AF90E43 
49 1935ACC0 72FD3DF9 464B713E 3E944B9F 3028D4EC 0CCAC0B5 3A09634A 
51 277C02BB 304453D8 0FB3B331 79026A16 655E0F97 3796D584 485F516D 
59 02B311A2 7AEA0E33 146DC5F0 2CAC9769 5FD4A5EE 5C2D5A8F 6A81511C 
61 176E4125 596932FA 06AF10AB 7EE06308 03E6CAA1 148784C6 7F4C0C87 
69 569CA7B4 05046FDD 1EE72752 51D2EA23 14368B20 745D2CD9 382C669E 
71 6E60057F 3FC9394C 14EABD95 63F44EAA 00797A9B 65F69E38 25869E11 
79 10A0AB76 1BEB2577 399365E4 1F260A4D 5EE40902 5B62A213 2412FC50 
81 1AD5FE49 560DB34E 4CCB4C6F 70B38D7C 1B773605 1115B65A 476A408B 
89 7E6A0568 373A2D81 3068DE26 07BA5A67 248E1014 5CDB20BD 1C74B6B2 
91 2D083603 36461980 309E0BB9 64F38BFE 74CE2F5F 50B34DAC 3D0AAA75 
99 48F86A0A 4FD0627B 5FDD9898 736878F1 33BB1CD6 2CF8AB57 065FA644 

lcgRandRange(100)
  45 6 75 24 73 78 59 
  92 93 10 67 44 97 82 
  71 28 85 46 27 80 41 
  62 75 4 53 10 7 56 
  45 54 75 0 53 34 83 
  56 89 14 7 56 29 22 
  51 76 9 2 19 12 41 
  30 27 8 57 82 27 72 
  5 86 23 28 57 90 75 
  32 97 10 79 16 97 70 
  87 80 57 66 91 40 17 
  90 11 16 57 30 75 4 
  5 54 63 32 1 70 75 
  24 61 62 95 80 85 50 
  23 12 77 6 43 76 81 
  10 83 88 1 18 75 16 
  81 46 91 56 45 10 75 
  16 17 82 51 4 37 94 
  35 12 57 86 99 8 73 
  26 63 40 45 30 95 80 

parseInt tests:
'' => 0: OK
'' => 0: OK
'5' => 5: OK
'5' => 5: OK
'0' => 0: OK
'9' => 9: OK
'a' => 10: OK
'b' => 11: OK
'f' => 15: OK
'A' => 10: OK
'F' => 15: OK
'12cf' => 4815: OK
'12CF' => 4815: OK
'12cf' => 12: OK
'12CF' => 12: OK
'-a1' => -161: OK
'100' => 100: OK
'100' => 256: OK
'100' => 4: OK
'-102498109' => -102498109: OK
'deadbeef' => -559038737: OK
'102984() ' => 102984: OK

all tests ok...?
